C:\ST\STM32CubeIDE_1.16.1\STM32CubeIDE\plugins\com.st.stm32cube.ide.mcu.externaltools.gnu-tools-for-stm32.12.3.rel1.win32_1.0.200.202406191623\tools\arm-none-eabi\include\c++\12.3.1\arm-none-eabi\thumb\v7e-m+fp\hard\bits\gthr-default.h:229:1:int __gthread_key_delete(__gthread_key_t)	16	static
../Core/Src/FlyF.cpp:27:6:void flyf(State*, Context*, int, int)	112	static
../Core/Src/FlyF.cpp:86:1:void __static_initialization_and_destruction_0(int, int)	16	static
../Core/Src/FlyF.cpp:86:1:cpp)	8	static
../Core/Src/FlyF.cpp:86:1:cpp)	8	static
